mode: set
github.com/mdemidenko/monitoring-platform/internal/api/auth.go:23.48,29.47 2 1
github.com/mdemidenko/monitoring-platform/internal/api/auth.go:29.47,35.3 2 1
github.com/mdemidenko/monitoring-platform/internal/api/auth.go:38.2,38.77 1 1
github.com/mdemidenko/monitoring-platform/internal/api/auth.go:38.77,44.3 2 1
github.com/mdemidenko/monitoring-platform/internal/api/auth.go:47.2,53.16 2 1
github.com/mdemidenko/monitoring-platform/internal/api/auth.go:53.16,59.3 2 0
github.com/mdemidenko/monitoring-platform/internal/api/auth.go:61.2,68.4 2 1
github.com/mdemidenko/monitoring-platform/internal/api/errors.go:25.101,33.2 1 1
github.com/mdemidenko/monitoring-platform/internal/api/errors.go:36.76,38.22 2 1
github.com/mdemidenko/monitoring-platform/internal/api/errors.go:38.22,40.3 1 1
github.com/mdemidenko/monitoring-platform/internal/api/errors.go:41.2,41.80 1 1
github.com/mdemidenko/monitoring-platform/internal/api/errors.go:45.78,47.22 2 1
github.com/mdemidenko/monitoring-platform/internal/api/errors.go:47.22,49.3 1 1
github.com/mdemidenko/monitoring-platform/internal/api/errors.go:50.2,50.83 1 1
github.com/mdemidenko/monitoring-platform/internal/api/errors.go:54.80,56.22 2 1
github.com/mdemidenko/monitoring-platform/internal/api/errors.go:56.22,58.3 1 0
github.com/mdemidenko/monitoring-platform/internal/api/errors.go:59.2,59.99 1 1
github.com/mdemidenko/monitoring-platform/internal/api/errors.go:63.76,65.22 2 1
github.com/mdemidenko/monitoring-platform/internal/api/errors.go:65.22,67.3 1 0
github.com/mdemidenko/monitoring-platform/internal/api/errors.go:68.2,68.80 1 1
github.com/mdemidenko/monitoring-platform/internal/api/errors.go:72.84,74.22 2 1
github.com/mdemidenko/monitoring-platform/internal/api/errors.go:74.22,76.3 1 1
github.com/mdemidenko/monitoring-platform/internal/api/errors.go:77.2,77.96 1 1
github.com/mdemidenko/monitoring-platform/internal/api/handler.go:18.94,23.2 1 1
github.com/mdemidenko/monitoring-platform/internal/api/handler.go:34.49,35.60 1 1
github.com/mdemidenko/monitoring-platform/internal/api/handler.go:35.60,41.3 2 1
github.com/mdemidenko/monitoring-platform/internal/api/handler.go:44.2,55.4 2 1
github.com/mdemidenko/monitoring-platform/internal/api/handler.go:71.47,77.47 2 1
github.com/mdemidenko/monitoring-platform/internal/api/handler.go:77.47,83.3 2 1
github.com/mdemidenko/monitoring-platform/internal/api/handler.go:86.2,87.18 2 1
github.com/mdemidenko/monitoring-platform/internal/api/handler.go:87.18,89.3 1 1
github.com/mdemidenko/monitoring-platform/internal/api/handler.go:92.2,93.16 2 1
github.com/mdemidenko/monitoring-platform/internal/api/handler.go:93.16,98.34 4 1
github.com/mdemidenko/monitoring-platform/internal/api/handler.go:98.34,101.4 2 1
github.com/mdemidenko/monitoring-platform/internal/api/handler.go:101.9,101.46 1 1
github.com/mdemidenko/monitoring-platform/internal/api/handler.go:101.46,104.4 2 1
github.com/mdemidenko/monitoring-platform/internal/api/handler.go:106.3,112.9 2 1
github.com/mdemidenko/monitoring-platform/internal/api/handler.go:115.2,123.4 1 1
github.com/mdemidenko/monitoring-platform/internal/api/handler.go:138.48,148.47 2 1
github.com/mdemidenko/monitoring-platform/internal/api/handler.go:148.47,154.3 2 1
github.com/mdemidenko/monitoring-platform/internal/api/handler.go:157.2,158.35 2 1
github.com/mdemidenko/monitoring-platform/internal/api/handler.go:158.35,160.19 2 1
github.com/mdemidenko/monitoring-platform/internal/api/handler.go:160.19,162.4 1 1
github.com/mdemidenko/monitoring-platform/internal/api/handler.go:163.3,163.82 1 1
github.com/mdemidenko/monitoring-platform/internal/api/handler.go:167.2,168.24 2 1
github.com/mdemidenko/monitoring-platform/internal/api/handler.go:168.24,170.3 1 1
github.com/mdemidenko/monitoring-platform/internal/api/handler.go:172.2,173.21 2 1
github.com/mdemidenko/monitoring-platform/internal/api/handler.go:173.21,175.3 1 1
github.com/mdemidenko/monitoring-platform/internal/api/handler.go:178.2,190.4 2 1
github.com/mdemidenko/monitoring-platform/internal/api/handler.go:203.56,208.34 3 1
github.com/mdemidenko/monitoring-platform/internal/api/handler.go:208.34,213.3 1 1
github.com/mdemidenko/monitoring-platform/internal/api/handler.go:215.2,221.4 1 1
github.com/mdemidenko/monitoring-platform/internal/api/handler.go:234.60,239.38 3 1
github.com/mdemidenko/monitoring-platform/internal/api/handler.go:239.38,244.3 1 1
github.com/mdemidenko/monitoring-platform/internal/api/handler.go:246.2,252.4 1 1
github.com/mdemidenko/monitoring-platform/internal/api/handler.go:265.49,286.2 2 1
github.com/mdemidenko/monitoring-platform/internal/api/server.go:25.81,46.2 7 1
github.com/mdemidenko/monitoring-platform/internal/api/server.go:49.37,50.28 1 1
github.com/mdemidenko/monitoring-platform/internal/api/server.go:51.17,52.31 1 1
github.com/mdemidenko/monitoring-platform/internal/api/server.go:53.14,54.28 1 1
github.com/mdemidenko/monitoring-platform/internal/api/server.go:55.10,56.29 1 1
github.com/mdemidenko/monitoring-platform/internal/api/server.go:61.36,66.39 2 1
github.com/mdemidenko/monitoring-platform/internal/api/server.go:66.39,68.3 1 1
github.com/mdemidenko/monitoring-platform/internal/api/server.go:71.2,74.29 2 1
github.com/mdemidenko/monitoring-platform/internal/api/server.go:74.29,76.3 1 1
github.com/mdemidenko/monitoring-platform/internal/api/server.go:79.2,79.42 1 1
github.com/mdemidenko/monitoring-platform/internal/api/server.go:79.42,80.81 1 0
github.com/mdemidenko/monitoring-platform/internal/api/server.go:80.81,82.4 1 0
github.com/mdemidenko/monitoring-platform/internal/api/server.go:87.60,88.30 1 1
github.com/mdemidenko/monitoring-platform/internal/api/server.go:88.30,100.18 7 1
github.com/mdemidenko/monitoring-platform/internal/api/server.go:100.18,102.4 1 0
github.com/mdemidenko/monitoring-platform/internal/api/server.go:104.3,110.4 1 1
github.com/mdemidenko/monitoring-platform/internal/api/server.go:115.39,116.30 1 1
github.com/mdemidenko/monitoring-platform/internal/api/server.go:116.30,122.36 5 1
github.com/mdemidenko/monitoring-platform/internal/api/server.go:122.36,125.4 2 1
github.com/mdemidenko/monitoring-platform/internal/api/server.go:127.3,127.11 1 0
github.com/mdemidenko/monitoring-platform/internal/api/server.go:132.32,141.2 3 1
github.com/mdemidenko/monitoring-platform/internal/api/server.go:141.2,149.9 5 1
github.com/mdemidenko/monitoring-platform/internal/api/server.go:149.9,158.10 5 1
github.com/mdemidenko/monitoring-platform/internal/api/server.go:162.2,162.41 1 1
github.com/mdemidenko/monitoring-platform/internal/api/server.go:162.41,170.3 1 1
github.com/mdemidenko/monitoring-platform/internal/api/server.go:173.2,173.40 1 1
github.com/mdemidenko/monitoring-platform/internal/api/server.go:173.40,180.3 1 1
github.com/mdemidenko/monitoring-platform/internal/api/server.go:184.37,186.65 2 1
github.com/mdemidenko/monitoring-platform/internal/api/server.go:186.65,188.3 1 0
github.com/mdemidenko/monitoring-platform/internal/api/server.go:190.2,211.85 13 1
github.com/mdemidenko/monitoring-platform/internal/api/server.go:211.85,213.3 1 0
github.com/mdemidenko/monitoring-platform/internal/api/server.go:217.54,218.25 1 1
github.com/mdemidenko/monitoring-platform/internal/api/server.go:218.25,220.3 1 1
github.com/mdemidenko/monitoring-platform/internal/api/server.go:221.2,221.12 1 1
