mode: set
github.com/mdemidenko/monitoring-platform/config/config.go:40.34,58.2 8 1
github.com/mdemidenko/monitoring-platform/config/config.go:87.53,89.22 1 1
github.com/mdemidenko/monitoring-platform/config/config.go:89.22,91.23 2 1
github.com/mdemidenko/monitoring-platform/config/config.go:91.23,93.4 1 0
github.com/mdemidenko/monitoring-platform/config/config.go:96.2,100.16 3 1
github.com/mdemidenko/monitoring-platform/config/config.go:100.16,102.3 1 1
github.com/mdemidenko/monitoring-platform/config/config.go:105.2,106.54 2 1
github.com/mdemidenko/monitoring-platform/config/config.go:106.54,108.3 1 1
github.com/mdemidenko/monitoring-platform/config/config.go:111.2,111.42 1 1
github.com/mdemidenko/monitoring-platform/config/config.go:111.42,113.3 1 0
github.com/mdemidenko/monitoring-platform/config/config.go:116.2,121.21 3 1
github.com/mdemidenko/monitoring-platform/config/config.go:125.56,127.16 2 1
github.com/mdemidenko/monitoring-platform/config/config.go:127.16,130.3 2 1
github.com/mdemidenko/monitoring-platform/config/config.go:131.2,131.15 1 0
github.com/mdemidenko/monitoring-platform/config/config.go:135.30,166.2 1 1
github.com/mdemidenko/monitoring-platform/config/config.go:169.35,170.31 1 1
github.com/mdemidenko/monitoring-platform/config/config.go:170.31,172.3 1 1
github.com/mdemidenko/monitoring-platform/config/config.go:173.2,173.29 1 1
github.com/mdemidenko/monitoring-platform/config/config.go:173.29,175.3 1 1
github.com/mdemidenko/monitoring-platform/config/config.go:176.2,176.29 1 1
github.com/mdemidenko/monitoring-platform/config/config.go:176.29,178.3 1 1
github.com/mdemidenko/monitoring-platform/config/config.go:179.2,179.25 1 1
github.com/mdemidenko/monitoring-platform/config/config.go:179.25,181.3 1 1
github.com/mdemidenko/monitoring-platform/config/config.go:182.2,182.28 1 1
github.com/mdemidenko/monitoring-platform/config/config.go:182.28,184.6 1 1
github.com/mdemidenko/monitoring-platform/config/config.go:185.5,185.34 1 1
github.com/mdemidenko/monitoring-platform/config/config.go:185.34,187.6 1 1
github.com/mdemidenko/monitoring-platform/config/config.go:188.5,188.52 1 1
github.com/mdemidenko/monitoring-platform/config/config.go:188.52,190.6 1 1
github.com/mdemidenko/monitoring-platform/config/config.go:192.2,197.43 2 1
github.com/mdemidenko/monitoring-platform/config/config.go:197.43,199.3 1 0
github.com/mdemidenko/monitoring-platform/config/config.go:201.2,201.12 1 1
github.com/mdemidenko/monitoring-platform/config/config.go:205.38,207.2 1 1
github.com/mdemidenko/monitoring-platform/config/config.go:210.39,212.2 1 1
github.com/mdemidenko/monitoring-platform/config/config.go:215.36,216.59 1 1
github.com/mdemidenko/monitoring-platform/config/config.go:216.59,218.3 1 1
github.com/mdemidenko/monitoring-platform/config/config.go:219.2,219.59 1 1
github.com/mdemidenko/monitoring-platform/config/config.go:219.59,221.3 1 1
github.com/mdemidenko/monitoring-platform/config/config.go:222.2,222.55 1 1
github.com/mdemidenko/monitoring-platform/config/config.go:222.55,224.3 1 1
github.com/mdemidenko/monitoring-platform/config/config.go:226.5,226.67 1 1
github.com/mdemidenko/monitoring-platform/config/config.go:226.67,228.6 1 1
github.com/mdemidenko/monitoring-platform/config/config.go:229.5,229.71 1 1
github.com/mdemidenko/monitoring-platform/config/config.go:229.71,230.68 1 1
github.com/mdemidenko/monitoring-platform/config/config.go:230.68,232.10 1 1
github.com/mdemidenko/monitoring-platform/config/config.go:234.5,234.54 1 1
github.com/mdemidenko/monitoring-platform/config/config.go:234.54,236.6 1 1
github.com/mdemidenko/monitoring-platform/config/config.go:237.5,237.63 1 1
github.com/mdemidenko/monitoring-platform/config/config.go:237.63,239.6 1 1
github.com/mdemidenko/monitoring-platform/config/config.go:243.30,250.25 4 1
github.com/mdemidenko/monitoring-platform/config/config.go:250.25,251.54 1 1
github.com/mdemidenko/monitoring-platform/config/config.go:251.54,254.10 2 1
github.com/mdemidenko/monitoring-platform/config/config.go:255.9,255.64 1 0
github.com/mdemidenko/monitoring-platform/config/config.go:259.5,260.19 2 1
github.com/mdemidenko/monitoring-platform/config/config.go:260.19,263.6 2 0
github.com/mdemidenko/monitoring-platform/config/config.go:265.5,273.40 3 1
github.com/mdemidenko/monitoring-platform/config/config.go:273.40,274.48 1 1
github.com/mdemidenko/monitoring-platform/config/config.go:274.48,277.10 2 1
github.com/mdemidenko/monitoring-platform/config/config.go:278.9,278.46 1 1
github.com/mdemidenko/monitoring-platform/config/config.go:281.5,281.14 1 0
