mode: set
github.com/mdemidenko/monitoring-platform/internal/core/errors.go:11.36,13.2 1 1
github.com/mdemidenko/monitoring-platform/internal/core/errors.go:15.36,17.2 1 1
github.com/mdemidenko/monitoring-platform/internal/core/errors.go:20.79,25.2 1 1
github.com/mdemidenko/monitoring-platform/internal/core/errors.go:28.40,29.55 1 1
github.com/mdemidenko/monitoring-platform/internal/core/errors.go:29.55,31.6 1 1
github.com/mdemidenko/monitoring-platform/internal/core/errors.go:32.5,32.44 1 1
github.com/mdemidenko/monitoring-platform/internal/core/errors.go:32.44,34.6 1 1
github.com/mdemidenko/monitoring-platform/internal/core/errors.go:35.5,35.17 1 1
github.com/mdemidenko/monitoring-platform/internal/core/errors.go:39.45,40.55 1 1
github.com/mdemidenko/monitoring-platform/internal/core/errors.go:40.55,42.6 1 1
github.com/mdemidenko/monitoring-platform/internal/core/errors.go:43.5,43.44 1 1
github.com/mdemidenko/monitoring-platform/internal/core/errors.go:43.44,45.6 1 1
github.com/mdemidenko/monitoring-platform/internal/core/errors.go:46.5,46.17 1 1
github.com/mdemidenko/monitoring-platform/internal/core/service.go:25.24,26.22 1 1
github.com/mdemidenko/monitoring-platform/internal/core/service.go:26.22,28.6 1 1
github.com/mdemidenko/monitoring-platform/internal/core/service.go:30.5,34.6 1 1
github.com/mdemidenko/monitoring-platform/internal/core/service.go:39.124,41.19 1 1
github.com/mdemidenko/monitoring-platform/internal/core/service.go:41.19,43.6 1 1
github.com/mdemidenko/monitoring-platform/internal/core/service.go:45.5,45.21 1 1
github.com/mdemidenko/monitoring-platform/internal/core/service.go:45.21,47.6 1 1
github.com/mdemidenko/monitoring-platform/internal/core/service.go:50.5,53.54 2 1
github.com/mdemidenko/monitoring-platform/internal/core/service.go:53.54,55.6 1 1
github.com/mdemidenko/monitoring-platform/internal/core/service.go:57.5,61.19 3 1
github.com/mdemidenko/monitoring-platform/internal/core/service.go:61.19,63.6 1 1
github.com/mdemidenko/monitoring-platform/internal/core/service.go:66.5,66.32 1 1
github.com/mdemidenko/monitoring-platform/internal/core/service.go:66.32,67.62 1 1
github.com/mdemidenko/monitoring-platform/internal/core/service.go:67.62,70.10 1 1
github.com/mdemidenko/monitoring-platform/internal/core/service.go:73.5,75.33 2 1
github.com/mdemidenko/monitoring-platform/internal/core/service.go:80.92,82.37 1 1
github.com/mdemidenko/monitoring-platform/internal/core/service.go:82.37,84.6 1 1
github.com/mdemidenko/monitoring-platform/internal/core/service.go:87.5,87.48 1 1
github.com/mdemidenko/monitoring-platform/internal/core/service.go:87.48,89.6 1 1
github.com/mdemidenko/monitoring-platform/internal/core/service.go:92.5,92.31 1 1
github.com/mdemidenko/monitoring-platform/internal/core/service.go:93.31,96.23 2 1
github.com/mdemidenko/monitoring-platform/internal/core/service.go:96.23,98.10 1 1
github.com/mdemidenko/monitoring-platform/internal/core/service.go:101.9,101.29 1 1
github.com/mdemidenko/monitoring-platform/internal/core/service.go:101.29,102.59 1 1
github.com/mdemidenko/monitoring-platform/internal/core/service.go:102.59,104.14 1 1
github.com/mdemidenko/monitoring-platform/internal/core/service.go:107.35,109.100 1 1
github.com/mdemidenko/monitoring-platform/internal/core/service.go:111.13,112.91 1 1
github.com/mdemidenko/monitoring-platform/internal/core/service.go:115.5,115.15 1 1
github.com/mdemidenko/monitoring-platform/internal/core/service.go:131.24,132.32 1 1
github.com/mdemidenko/monitoring-platform/internal/core/service.go:132.32,134.6 1 0
github.com/mdemidenko/monitoring-platform/internal/core/service.go:137.5,137.24 1 1
github.com/mdemidenko/monitoring-platform/internal/core/service.go:137.24,139.6 1 0
github.com/mdemidenko/monitoring-platform/internal/core/service.go:140.5,140.24 1 1
github.com/mdemidenko/monitoring-platform/internal/core/service.go:140.24,142.6 1 0
github.com/mdemidenko/monitoring-platform/internal/core/service.go:144.5,151.37 5 1
github.com/mdemidenko/monitoring-platform/internal/core/service.go:151.37,154.6 2 1
github.com/mdemidenko/monitoring-platform/internal/core/service.go:157.5,160.15 2 1
github.com/mdemidenko/monitoring-platform/internal/core/service.go:160.15,164.6 3 1
github.com/mdemidenko/monitoring-platform/internal/core/service.go:167.5,167.48 1 1
github.com/mdemidenko/monitoring-platform/internal/core/service.go:177.3,183.9 4 1
github.com/mdemidenko/monitoring-platform/internal/core/service.go:183.9,184.16 1 1
github.com/mdemidenko/monitoring-platform/internal/core/service.go:185.27,187.19 2 1
github.com/mdemidenko/monitoring-platform/internal/core/service.go:189.41,190.20 1 1
github.com/mdemidenko/monitoring-platform/internal/core/service.go:190.20,192.14 1 1
github.com/mdemidenko/monitoring-platform/internal/core/service.go:194.13,198.20 3 1
github.com/mdemidenko/monitoring-platform/internal/core/service.go:199.31,201.23 2 0
github.com/mdemidenko/monitoring-platform/internal/core/service.go:206.15,206.15 0 1
github.com/mdemidenko/monitoring-platform/internal/core/service.go:219.3,225.9 4 1
github.com/mdemidenko/monitoring-platform/internal/core/service.go:225.9,226.16 1 1
github.com/mdemidenko/monitoring-platform/internal/core/service.go:227.27,230.19 3 1
github.com/mdemidenko/monitoring-platform/internal/core/service.go:232.25,233.48 1 1
github.com/mdemidenko/monitoring-platform/internal/core/service.go:233.48,237.14 3 1
github.com/mdemidenko/monitoring-platform/internal/core/service.go:239.13,241.20 2 1
github.com/mdemidenko/monitoring-platform/internal/core/service.go:242.31,244.23 2 0
github.com/mdemidenko/monitoring-platform/internal/core/service.go:246.39,249.51 2 1
github.com/mdemidenko/monitoring-platform/internal/core/service.go:249.51,251.18 1 1
github.com/mdemidenko/monitoring-platform/internal/core/service.go:262.24,266.9 3 1
github.com/mdemidenko/monitoring-platform/internal/core/service.go:266.9,267.16 1 1
github.com/mdemidenko/monitoring-platform/internal/core/service.go:268.27,272.20 2 1
github.com/mdemidenko/monitoring-platform/internal/core/service.go:273.25,274.58 1 1
github.com/mdemidenko/monitoring-platform/internal/core/service.go:275.48,276.64 1 1
github.com/mdemidenko/monitoring-platform/internal/core/service.go:279.13,282.14 1 1
github.com/mdemidenko/monitoring-platform/internal/core/service.go:284.38,285.20 1 1
github.com/mdemidenko/monitoring-platform/internal/core/service.go:285.20,292.14 2 1
github.com/mdemidenko/monitoring-platform/internal/core/service.go:294.13,294.36 1 1
github.com/mdemidenko/monitoring-platform/internal/core/service.go:294.36,297.14 2 1
github.com/mdemidenko/monitoring-platform/internal/core/service.go:297.19,300.14 2 1
github.com/mdemidenko/monitoring-platform/internal/core/service.go:307.51,309.2 1 1
github.com/mdemidenko/monitoring-platform/internal/core/service.go:313.73,315.2 1 1
github.com/mdemidenko/monitoring-platform/internal/core/service.go:319.81,321.2 1 1
github.com/mdemidenko/monitoring-platform/internal/core/service.go:325.63,334.2 3 1
