mode: set
github.com/mdemidenko/monitoring-platform/internal/grpc/auth.go:21.60,30.2 2 1
github.com/mdemidenko/monitoring-platform/internal/grpc/auth.go:33.73,39.25 1 1
github.com/mdemidenko/monitoring-platform/internal/grpc/auth.go:39.25,40.49 1 1
github.com/mdemidenko/monitoring-platform/internal/grpc/auth.go:40.49,42.4 1 1
github.com/mdemidenko/monitoring-platform/internal/grpc/auth.go:44.3,45.17 2 1
github.com/mdemidenko/monitoring-platform/internal/grpc/auth.go:45.17,47.4 1 1
github.com/mdemidenko/monitoring-platform/internal/grpc/auth.go:49.3,49.27 1 1
github.com/mdemidenko/monitoring-platform/internal/grpc/auth.go:54.75,60.10 1 1
github.com/mdemidenko/monitoring-platform/internal/grpc/auth.go:60.10,61.49 1 1
github.com/mdemidenko/monitoring-platform/internal/grpc/auth.go:61.49,63.4 1 1
github.com/mdemidenko/monitoring-platform/internal/grpc/auth.go:65.3,66.17 2 1
github.com/mdemidenko/monitoring-platform/internal/grpc/auth.go:66.17,68.4 1 1
github.com/mdemidenko/monitoring-platform/internal/grpc/auth.go:70.3,70.30 1 0
github.com/mdemidenko/monitoring-platform/internal/grpc/auth.go:75.77,77.9 2 1
github.com/mdemidenko/monitoring-platform/internal/grpc/auth.go:77.9,79.3 1 1
github.com/mdemidenko/monitoring-platform/internal/grpc/auth.go:81.2,82.27 2 1
github.com/mdemidenko/monitoring-platform/internal/grpc/auth.go:82.27,84.3 1 1
github.com/mdemidenko/monitoring-platform/internal/grpc/auth.go:86.2,87.48 2 1
github.com/mdemidenko/monitoring-platform/internal/grpc/auth.go:87.48,89.3 1 1
github.com/mdemidenko/monitoring-platform/internal/grpc/auth.go:91.2,93.83 2 1
github.com/mdemidenko/monitoring-platform/internal/grpc/auth.go:93.83,94.58 1 1
github.com/mdemidenko/monitoring-platform/internal/grpc/auth.go:94.58,96.4 1 0
github.com/mdemidenko/monitoring-platform/internal/grpc/auth.go:97.3,97.44 1 1
github.com/mdemidenko/monitoring-platform/internal/grpc/auth.go:100.2,100.16 1 1
github.com/mdemidenko/monitoring-platform/internal/grpc/auth.go:100.16,102.3 1 1
github.com/mdemidenko/monitoring-platform/internal/grpc/auth.go:104.2,104.18 1 1
github.com/mdemidenko/monitoring-platform/internal/grpc/auth.go:104.18,106.3 1 0
github.com/mdemidenko/monitoring-platform/internal/grpc/auth.go:108.2,108.12 1 1
github.com/mdemidenko/monitoring-platform/internal/grpc/server.go:31.24,49.33 3 1
github.com/mdemidenko/monitoring-platform/internal/grpc/server.go:49.33,55.6 2 1
github.com/mdemidenko/monitoring-platform/internal/grpc/server.go:58.5,58.43 1 1
github.com/mdemidenko/monitoring-platform/internal/grpc/server.go:58.43,60.6 1 0
github.com/mdemidenko/monitoring-platform/internal/grpc/server.go:63.5,69.28 3 1
github.com/mdemidenko/monitoring-platform/internal/grpc/server.go:69.28,71.6 1 0
github.com/mdemidenko/monitoring-platform/internal/grpc/server.go:73.5,77.11 1 1
github.com/mdemidenko/monitoring-platform/internal/grpc/server.go:81.47,83.68 2 1
github.com/mdemidenko/monitoring-platform/internal/grpc/server.go:83.68,85.6 1 0
github.com/mdemidenko/monitoring-platform/internal/grpc/server.go:88.5,89.19 2 1
github.com/mdemidenko/monitoring-platform/internal/grpc/server.go:89.19,91.6 1 0
github.com/mdemidenko/monitoring-platform/internal/grpc/server.go:93.5,100.52 5 1
github.com/mdemidenko/monitoring-platform/internal/grpc/server.go:100.52,102.6 1 0
github.com/mdemidenko/monitoring-platform/internal/grpc/server.go:104.5,104.15 1 1
github.com/mdemidenko/monitoring-platform/internal/grpc/server.go:108.58,109.24 1 1
github.com/mdemidenko/monitoring-platform/internal/grpc/server.go:109.24,112.6 2 1
github.com/mdemidenko/monitoring-platform/internal/grpc/server.go:113.5,113.15 1 1
github.com/mdemidenko/monitoring-platform/internal/grpc/server.go:117.47,119.2 1 1
github.com/mdemidenko/monitoring-platform/internal/grpc/service.go:32.22,37.2 1 1
github.com/mdemidenko/monitoring-platform/internal/grpc/service.go:41.109,43.80 1 1
github.com/mdemidenko/monitoring-platform/internal/grpc/service.go:43.80,45.6 1 1
github.com/mdemidenko/monitoring-platform/internal/grpc/service.go:47.5,56.19 5 1
github.com/mdemidenko/monitoring-platform/internal/grpc/service.go:56.19,58.6 1 0
github.com/mdemidenko/monitoring-platform/internal/grpc/service.go:59.5,63.11 1 1
github.com/mdemidenko/monitoring-platform/internal/grpc/service.go:68.129,73.82 2 1
github.com/mdemidenko/monitoring-platform/internal/grpc/service.go:73.82,75.6 1 1
github.com/mdemidenko/monitoring-platform/internal/grpc/service.go:77.5,81.11 1 1
github.com/mdemidenko/monitoring-platform/internal/grpc/service.go:85.128,90.37 2 1
github.com/mdemidenko/monitoring-platform/internal/grpc/service.go:90.37,91.35 1 1
github.com/mdemidenko/monitoring-platform/internal/grpc/service.go:91.35,96.10 1 1
github.com/mdemidenko/monitoring-platform/internal/grpc/service.go:99.5,99.71 1 1
github.com/mdemidenko/monitoring-platform/internal/grpc/service.go:103.118,109.37 3 1
github.com/mdemidenko/monitoring-platform/internal/grpc/service.go:109.37,114.6 1 1
github.com/mdemidenko/monitoring-platform/internal/grpc/service.go:116.5,119.11 1 1
github.com/mdemidenko/monitoring-platform/internal/grpc/service.go:124.141,132.86 2 1
github.com/mdemidenko/monitoring-platform/internal/grpc/service.go:132.86,134.6 1 1
github.com/mdemidenko/monitoring-platform/internal/grpc/service.go:136.5,140.11 1 1
github.com/mdemidenko/monitoring-platform/internal/grpc/service.go:144.140,149.41 2 1
github.com/mdemidenko/monitoring-platform/internal/grpc/service.go:149.41,150.41 1 1
github.com/mdemidenko/monitoring-platform/internal/grpc/service.go:150.41,155.10 1 1
github.com/mdemidenko/monitoring-platform/internal/grpc/service.go:158.5,158.76 1 1
github.com/mdemidenko/monitoring-platform/internal/grpc/service.go:162.126,168.41 3 1
github.com/mdemidenko/monitoring-platform/internal/grpc/service.go:168.41,173.6 1 1
github.com/mdemidenko/monitoring-platform/internal/grpc/service.go:175.5,178.11 1 1
github.com/mdemidenko/monitoring-platform/internal/grpc/service.go:183.114,194.77 2 1
github.com/mdemidenko/monitoring-platform/internal/grpc/service.go:194.77,197.6 1 0
github.com/mdemidenko/monitoring-platform/internal/grpc/service.go:199.5,205.11 2 1
github.com/mdemidenko/monitoring-platform/internal/grpc/service.go:209.113,217.2 1 1
github.com/mdemidenko/monitoring-platform/internal/grpc/service.go:220.108,233.2 1 1
github.com/mdemidenko/monitoring-platform/internal/grpc/service.go:237.111,246.76 2 1
github.com/mdemidenko/monitoring-platform/internal/grpc/service.go:246.76,249.6 1 1
github.com/mdemidenko/monitoring-platform/internal/grpc/service.go:251.5,257.11 2 1
github.com/mdemidenko/monitoring-platform/internal/grpc/service.go:261.110,267.2 1 1
github.com/mdemidenko/monitoring-platform/internal/grpc/service.go:270.106,281.2 1 1
github.com/mdemidenko/monitoring-platform/internal/grpc/service.go:285.118,288.21 2 1
github.com/mdemidenko/monitoring-platform/internal/grpc/service.go:288.21,290.6 1 0
github.com/mdemidenko/monitoring-platform/internal/grpc/service.go:293.5,294.19 2 1
github.com/mdemidenko/monitoring-platform/internal/grpc/service.go:294.19,296.6 1 1
github.com/mdemidenko/monitoring-platform/internal/grpc/service.go:299.5,305.32 2 1
github.com/mdemidenko/monitoring-platform/internal/grpc/service.go:305.32,309.6 2 1
github.com/mdemidenko/monitoring-platform/internal/grpc/service.go:311.5,311.25 1 1
github.com/mdemidenko/monitoring-platform/internal/grpc/service.go:315.121,318.38 2 1
github.com/mdemidenko/monitoring-platform/internal/grpc/service.go:318.38,320.25 2 1
github.com/mdemidenko/monitoring-platform/internal/grpc/service.go:320.25,322.10 1 0
github.com/mdemidenko/monitoring-platform/internal/grpc/service.go:323.9,326.11 1 1
github.com/mdemidenko/monitoring-platform/internal/grpc/service.go:330.5,331.27 2 1
github.com/mdemidenko/monitoring-platform/internal/grpc/service.go:331.27,333.6 1 1
github.com/mdemidenko/monitoring-platform/internal/grpc/service.go:336.5,337.45 2 1
github.com/mdemidenko/monitoring-platform/internal/grpc/service.go:337.45,339.6 1 1
github.com/mdemidenko/monitoring-platform/internal/grpc/service.go:342.5,350.11 2 1
