mode: set
github.com/mdemidenko/monitoring-platform/internal/Middleware/auth.go:18.55,19.30 1 1
github.com/mdemidenko/monitoring-platform/internal/Middleware/auth.go:19.30,22.23 2 1
github.com/mdemidenko/monitoring-platform/internal/Middleware/auth.go:22.23,33.4 2 1
github.com/mdemidenko/monitoring-platform/internal/Middleware/auth.go:36.3,37.32 2 1
github.com/mdemidenko/monitoring-platform/internal/Middleware/auth.go:37.32,49.4 2 1
github.com/mdemidenko/monitoring-platform/internal/Middleware/auth.go:52.3,52.105 1 1
github.com/mdemidenko/monitoring-platform/internal/Middleware/auth.go:52.105,54.4 1 1
github.com/mdemidenko/monitoring-platform/internal/Middleware/auth.go:56.3,56.17 1 1
github.com/mdemidenko/monitoring-platform/internal/Middleware/auth.go:56.17,61.48 3 1
github.com/mdemidenko/monitoring-platform/internal/Middleware/auth.go:61.48,67.5 2 1
github.com/mdemidenko/monitoring-platform/internal/Middleware/auth.go:67.10,67.57 1 1
github.com/mdemidenko/monitoring-platform/internal/Middleware/auth.go:67.57,73.5 2 1
github.com/mdemidenko/monitoring-platform/internal/Middleware/auth.go:73.10,77.5 1 0
github.com/mdemidenko/monitoring-platform/internal/Middleware/auth.go:79.4,86.10 2 1
github.com/mdemidenko/monitoring-platform/internal/Middleware/auth.go:89.3,89.19 1 1
github.com/mdemidenko/monitoring-platform/internal/Middleware/auth.go:89.19,100.4 2 0
github.com/mdemidenko/monitoring-platform/internal/Middleware/auth.go:103.3,103.47 1 1
github.com/mdemidenko/monitoring-platform/internal/Middleware/auth.go:103.47,105.4 1 1
github.com/mdemidenko/monitoring-platform/internal/Middleware/auth.go:107.3,107.11 1 1
github.com/mdemidenko/monitoring-platform/internal/Middleware/auth.go:112.95,128.2 4 1
