mode: set
github.com/mdemidenko/monitoring-platform/internal/repository/file_storage.go:22.61,27.2 1 1
github.com/mdemidenko/monitoring-platform/internal/repository/file_storage.go:30.93,35.22 3 1
github.com/mdemidenko/monitoring-platform/internal/repository/file_storage.go:35.22,36.13 1 1
github.com/mdemidenko/monitoring-platform/internal/repository/file_storage.go:36.13,40.4 3 1
github.com/mdemidenko/monitoring-platform/internal/repository/file_storage.go:41.3,41.31 1 1
github.com/mdemidenko/monitoring-platform/internal/repository/file_storage.go:44.2,44.12 1 1
github.com/mdemidenko/monitoring-platform/internal/repository/file_storage.go:44.12,49.17 4 1
github.com/mdemidenko/monitoring-platform/internal/repository/file_storage.go:49.17,52.4 2 1
github.com/mdemidenko/monitoring-platform/internal/repository/file_storage.go:54.3,55.57 2 1
github.com/mdemidenko/monitoring-platform/internal/repository/file_storage.go:55.57,58.4 2 1
github.com/mdemidenko/monitoring-platform/internal/repository/file_storage.go:61.3,61.36 1 1
github.com/mdemidenko/monitoring-platform/internal/repository/file_storage.go:61.36,62.11 1 1
github.com/mdemidenko/monitoring-platform/internal/repository/file_storage.go:63.22,65.11 2 0
github.com/mdemidenko/monitoring-platform/internal/repository/file_storage.go:66.33,66.33 0 1
github.com/mdemidenko/monitoring-platform/internal/repository/file_storage.go:71.2,71.30 1 1
github.com/mdemidenko/monitoring-platform/internal/repository/file_storage.go:75.98,79.22 2 1
github.com/mdemidenko/monitoring-platform/internal/repository/file_storage.go:79.22,80.13 1 1
github.com/mdemidenko/monitoring-platform/internal/repository/file_storage.go:80.13,83.4 2 1
github.com/mdemidenko/monitoring-platform/internal/repository/file_storage.go:84.3,84.17 1 1
github.com/mdemidenko/monitoring-platform/internal/repository/file_storage.go:87.2,87.12 1 1
github.com/mdemidenko/monitoring-platform/internal/repository/file_storage.go:87.12,92.7 3 1
github.com/mdemidenko/monitoring-platform/internal/repository/file_storage.go:92.7,93.11 1 1
github.com/mdemidenko/monitoring-platform/internal/repository/file_storage.go:94.22,96.28 1 1
github.com/mdemidenko/monitoring-platform/internal/repository/file_storage.go:96.28,97.53 1 1
github.com/mdemidenko/monitoring-platform/internal/repository/file_storage.go:97.53,100.7 2 0
github.com/mdemidenko/monitoring-platform/internal/repository/file_storage.go:102.5,103.11 2 1
github.com/mdemidenko/monitoring-platform/internal/repository/file_storage.go:105.33,106.12 1 1
github.com/mdemidenko/monitoring-platform/internal/repository/file_storage.go:106.12,108.53 1 1
github.com/mdemidenko/monitoring-platform/internal/repository/file_storage.go:108.53,110.7 1 1
github.com/mdemidenko/monitoring-platform/internal/repository/file_storage.go:111.6,111.12 1 1
github.com/mdemidenko/monitoring-platform/internal/repository/file_storage.go:113.5,113.44 1 1
github.com/mdemidenko/monitoring-platform/internal/repository/file_storage.go:118.2,118.16 1 1
github.com/mdemidenko/monitoring-platform/internal/repository/file_storage.go:122.64,123.23 1 1
github.com/mdemidenko/monitoring-platform/internal/repository/file_storage.go:123.23,125.3 1 1
github.com/mdemidenko/monitoring-platform/internal/repository/file_storage.go:127.2,128.16 2 1
github.com/mdemidenko/monitoring-platform/internal/repository/file_storage.go:128.16,130.3 1 1
github.com/mdemidenko/monitoring-platform/internal/repository/file_storage.go:131.2,136.48 4 1
github.com/mdemidenko/monitoring-platform/internal/repository/file_storage.go:136.48,138.3 1 0
github.com/mdemidenko/monitoring-platform/internal/repository/file_storage.go:140.2,140.12 1 1
github.com/mdemidenko/monitoring-platform/internal/repository/storage.go:22.40,27.2 1 1
github.com/mdemidenko/monitoring-platform/internal/repository/storage.go:29.49,33.28 3 1
github.com/mdemidenko/monitoring-platform/internal/repository/storage.go:34.28,35.47 1 1
github.com/mdemidenko/monitoring-platform/internal/repository/storage.go:36.32,37.55 1 1
github.com/mdemidenko/monitoring-platform/internal/repository/storage.go:38.10,39.54 1 1
github.com/mdemidenko/monitoring-platform/internal/repository/storage.go:42.2,42.12 1 1
github.com/mdemidenko/monitoring-platform/internal/repository/storage.go:45.67,53.2 5 1
github.com/mdemidenko/monitoring-platform/internal/repository/storage.go:55.75,63.2 5 1
